
> hkbk@0.0.0 build
> vite build

[36mvite v8.0.10 [32mbuilding client environment for production...[36m[39m
[2K
transforming...Γ£ô 2537 modules transformed.
rendering chunks...
node.exe : [31mΓ£ù[39m Build failed in 4.96s
At line:1 char:1
+ & "C:\Program Files\nodejs/node.exe" "C:\Program Files\nodejs/node_mo ...
+ ~~~~~~~~~~~~~~~~~~~~~~~~~~~~~~~~~~~~~~~~~~~~~~~~~~~~~~~~~~~~~~~~~~~~~
    + CategoryInfo          : NotSpecified: ([31mΓ£ù[39m Build failed in 4.96s:String) [], RemoteException
    + FullyQualifiedErrorId : NativeCommandError
 

Γ£¿ [36m[vite-plugin-image-optimizer][39m - optimized images successfully: 
[2mdist[22m/[94mimages/affiliations/iic.png[39m       [90m[32m-74%[39m[90m   [39m [2m66.34 kB Γ¡ó  17.52 kB[22m
[2mdist[22m/[94mimages/affiliations/iste.png[39m      [90m[32m-74%[39m[90m   [39m [2m96.95 kB Γ¡ó  25.58 kB[22m
[2mdist[22m/[94mimages/affiliations/ieee.png[39m      [90m[32m-71%[39m[90m   [39m [2m88.81 kB Γ¡ó  26.42 kB[22m
[2mdist[22m/[94mimages/affiliations/aictelab.png[39m  [90m[32m-75%[39m[90m   [39m [2m112.99 kB Γ¡ó  29.21 kB[22m
[2mdist[22m/[94mimages/affiliations/nba.png[39m       [90m[32m-79%[39m[90m   [39m [2m167.82 kB Γ¡ó  35.50 kB[22m
[2mdist[22m/[94mimages/affiliations/aicte.png[39m     [90m[32m-72%[39m[90m   [39m [2m110.06 kB Γ¡ó  31.43 kB[22m
[2mdist[22m/[94mimages/affiliations/vtu.png[39m       [90m[32m-77%[39m[90m   [39m [2m109.11 kB Γ¡ó  25.43 kB[22m
[2mdist[22m/[94mimages/affiliations/ncc.png[39m       [90m[32m-70%[39m[90m   [39m [2m150.02 kB Γ¡ó  45.31 kB[22m
[2mdist[22m/[94mlogos/college/logo121.png[39m         [90m[32m-28%[39m[90m   [39m [2m34.41 kB Γ¡ó  24.94 kB[22m
[2mdist[22m/[94mlogos/college/logo-white.png[39m      [90m[32m-74%[39m[90m   [39m [2m128.78 kB Γ¡ó  34.46 kB[22m
[2mdist[22m/[94mimages/affiliations/naac.png[39m      [90m[32m-76%[39m[90m   [39m [2m436.53 kB Γ¡ó  105.01 kB[22m
[2mdist[22m/[94mlogos/college/logo.png[39m            [90m[32m-74%[39m[90m   [39m [2m128.78 kB Γ¡ó  34.46 kB[22m
[2mdist[22m/[94mfavicon.svg[39m                       [90m[32m0%[39m[90m     [39m [33m[1mskipped[22m[39m [2moriginal: 9.30 kB <= optimized: 9.30 kB[22m
[2mdist[22m/[94micons.svg[39m                         [90m[32m-87%[39m[90m   [39m [2m4.91 kB Γ¡ó  0.67 kB[22m
[2mdist[22m/[94mimages/hero/main.jpg[39m              [90m[32m-76%[39m[90m   [39m [2m16554.63 kB Γ¡ó  4107.17 kB[22m
[2mdist[22m/[94mimages/campus/about.png[39m           [90m[32m-66%[39m[90m   [39m [2m2219.27 kB Γ¡ó  758.70 kB[22m

≡ƒÆ░ total savings = [32m15107.59kB[39m/[32m20409.40kB[39m Γëê [32m74%[39m


[31merror during build:
[31mBuild failed with 6 errors:

[31m[MISSING_EXPORT] Error:[0m "Instagram" is not exported by "node_modules/lucide-react/dist/esm/lucide-react.mjs".
   [38;5;246mΓò¡[0m[38;5;246mΓöÇ[0m[38;5;246m[[0m src/pages/admin/AdminSocialFeed.jsx:2:10 [38;5;246m][0m
   [38;5;246mΓöé[0m
 [38;5;246m2 Γöé[0m 
[38;5;249mi[0m[38;5;249mm[0m[38;5;249mp[0m[38;5;249mo[0m[38;5;249mr[0m[38;5;249mt[0m[38;5;249m 
[0m[38;5;249m{[0m[38;5;249m [0mInstagram[38;5;249m,[0m[38;5;249m [0m[38;5;249mL[0m[38;5;249mi[0m[38;5;249
mn[0m[38;5;249mk[0m[38;5;249me[0m[38;5;249md[0m[38;5;249mi[0m[38;5;249mn[0m[38;5;249m,[0m[38;5;249m [0m
[38;5;249mS[0m[38;5;249me[0m[38;5;249mt[0m[38;5;249mt[0m[38;5;249mi[0m[38;5;249mn[0m[38;5;249mg[0m[38;5;2
49ms[0m[38;5;249m,[0m[38;5;249m [0m[38;5;249mR[0m[38;5;249me[0m[38;5;249mf[0m[38;5;249mr[0m[38;5;249me[0
m[38;5;249ms[0m[38;5;249mh[0m[38;5;249mC[0m[38;5;249mw[0m[38;5;249m,[0m[38;5;249m 
[0m[38;5;249mP[0m[38;5;249ml[0m[38;5;249mu[0m[38;5;249ms[0m[38;5;249m,[0m[38;5;249m [0m[38;5;249mE[0m[3
8;5;249mx[0m[38;5;249mt[0m[38;5;249me[0m[38;5;249mr[0m[38;5;249mn[0m[38;5;249ma[0m[38;5;249ml[0m[38;5;249
mL[0m[38;5;249mi[0m[38;5;249mn[0m[38;5;249mk[0m[38;5;249m,[0m[38;5;249m [0m[38;5;249mT[0m[38;5;249mr[0m
[38;5;249ma[0m[38;5;249ms[0m[38;5;249mh[0m[38;5;249m2[0m[38;5;249m,[0m[38;5;249m 
[0m[38;5;249mE[0m[38;5;249my[0m[38;5;249me[0m[38;5;249m,[0m[38;5;249m [0m[38;5;249mE[0m[38;5;249my[0m[3
8;5;249me[0m[38;5;249mO[0m[38;5;249mf[0m[38;5;249mf[0m[38;5;249m,[0m[38;5;249m 
[0m[38;5;249mS[0m[38;5;249mt[0m[38;5;249ma[0m[38;5;249mr[0m[38;5;249m,[0m[38;5;249m [0m[38;5;249mA[0m[3
8;5;249ml[0m[38;5;249me[0m[38;5;249mr[0m[38;5;249mt[0m[38;5;249mC[0m[38;5;249mi[0m[38;5;249mr[0m[38;5;249
mc[0m[38;5;249ml[0m[38;5;249me[0m[38;5;249m,[0m[38;5;249m [0m[38;5;249mC[0m[38;5;249mh[0m[38;5;249me[0m
[38;5;249mc[0m[38;5;249mk[0m[38;5;249mC[0m[38;5;249mi[0m[38;5;249mr[0m[38;5;249mc[0m[38;5;249ml[0m[38;5;2
49me[0m[38;5;249m2[0m[38;5;249m [0m[38;5;249m}[0m[38;5;249m 
[0m[38;5;249mf[0m[38;5;249mr[0m[38;5;249mo[0m[38;5;249mm[0m[38;5;249m [0m[38;5;249m"[0m[38;5;249ml[0m[3
8;5;249mu[0m[38;5;249mc[0m[38;5;249mi[0m[38;5;249md[0m[38;5;249me[0m[38;5;249m-[0m[38;5;249mr[0m[38;5;249
me[0m[38;5;249ma[0m[38;5;249mc[0m[38;5;249mt[0m[38;5;249m"[0m[38;5;249m;[0m
 [38;5;240m  Γöé[0m          ΓöÇΓöÇΓöÇΓöÇΓö¼ΓöÇΓöÇΓöÇΓöÇ  
 [38;5;240m  Γöé[0m              Γò░ΓöÇΓöÇΓöÇΓöÇΓöÇΓöÇ Missing export
[38;5;246mΓöÇΓöÇΓöÇΓò»[0m

[31m[MISSING_EXPORT] Error:[0m "Linkedin" is not exported by "node_modules/lucide-react/dist/esm/lucide-react.mjs".
   [38;5;246mΓò¡[0m[38;5;246mΓöÇ[0m[38;5;246m[[0m src/pages/admin/AdminSocialFeed.jsx:2:21 [38;5;246m][0m
   [38;5;246mΓöé[0m
 [38;5;246m2 Γöé[0m 
[38;5;249mi[0m[38;5;249mm[0m[38;5;249mp[0m[38;5;249mo[0m[38;5;249mr[0m[38;5;249mt[0m[38;5;249m 
[0m[38;5;249m{[0m[38;5;249m [0m[38;5;249mI[0m[38;5;249mn[0m[38;5;249ms[0m[38;5;249mt[0m[38;5;249ma[0m[3
8;5;249mg[0m[38;5;249mr[0m[38;5;249ma[0m[38;5;249mm[0m[38;5;249m,[0m[38;5;249m 
[0mLinkedin[38;5;249m,[0m[38;5;249m [0m[38;5;249mS[0m[38;5;249me[0m[38;5;249mt[0m[38;5;249mt[0m[38;5;249m
i[0m[38;5;249mn[0m[38;5;249mg[0m[38;5;249ms[0m[38;5;249m,[0m[38;5;249m [0m[38;5;249mR[0m[38;5;249me[0m[
38;5;249mf[0m[38;5;249mr[0m[38;5;249me[0m[38;5;249ms[0m[38;5;249mh[0m[38;5;249mC[0m[38;5;249mw[0m[38;5;24
9m,[0m[38;5;249m [0m[38;5;249mP[0m[38;5;249ml[0m[38;5;249mu[0m[38;5;249ms[0m[38;5;249m,[0m[38;5;249m [0m
[38;5;249mE[0m[38;5;249mx[0m[38;5;249mt[0m[38;5;249me[0m[38;5;249mr[0m[38;5;249mn[0m[38;5;249ma[0m[38;5;
249ml[0m[38;5;249mL[0m[38;5;249mi[0m[38;5;249mn[0m[38;5;249mk[0m[38;5;249m,[0m[38;5;249m [0m[38;5;249mT[
0m[38;5;249mr[0m[38;5;249ma[0m[38;5;249ms[0m[38;5;249mh[0m[38;5;249m2[0m[38;5;249m,[0m[38;5;249m 
[0m[38;5;249mE[0m[38;5;249my[0m[38;5;249me[0m[38;5;249m,[0m[38;5;249m [0m[38;5;249mE[0m[38;5;249my[0m[3
8;5;249me[0m[38;5;249mO[0m[38;5;249mf[0m[38;5;249mf[0m[38;5;249m,[0m[38;5;249m 
[0m[38;5;249mS[0m[38;5;249mt[0m[38;5;249ma[0m[38;5;249mr[0m[38;5;249m,[0m[38;5;249m [0m[38;5;249mA[0m[3
8;5;249ml[0m[38;5;249me[0m[38;5;249mr[0m[38;5;249mt[0m[38;5;249mC[0m[38;5;249mi[0m[38;5;249mr[0m[38;5;249
mc[0m[38;5;249ml[0m[38;5;249me[0m[38;5;249m,[0m[38;5;249m [0m[38;5;249mC[0m[38;5;249mh[0m[38;5;249me[0m
[38;5;249mc[0m[38;5;249mk[0m[38;5;249mC[0m[38;5;249mi[0m[38;5;249mr[0m[38;5;249mc[0m[38;5;249ml[0m[38;5;2
49me[0m[38;5;249m2[0m[38;5;249m [0m[38;5;249m}[0m[38;5;249m 
[0m[38;5;249mf[0m[38;5;249mr[0m[38;5;249mo[0m[38;5;249mm[0m[38;5;249m [0m[38;5;249m"[0m[38;5;249ml[0m[3
8;5;249mu[0m[38;5;249mc[0m[38;5;249mi[0m[38;5;249md[0m[38;5;249me[0m[38;5;249m-[0m[38;5;249mr[0m[38;5;249
me[0m[38;5;249ma[0m[38;5;249mc[0m[38;5;249mt[0m[38;5;249m"[0m[38;5;249m;[0m
 [38;5;240m  Γöé[0m                     ΓöÇΓöÇΓöÇΓöÇΓö¼ΓöÇΓöÇΓöÇ  
 [38;5;240m  Γöé[0m                         Γò░ΓöÇΓöÇΓöÇΓöÇΓöÇ Missing export
[38;5;246mΓöÇΓöÇΓöÇΓò»[0m

[31m[MISSING_EXPORT] Error:[0m "Instagram" is not exported by "node_modules/lucide-react/dist/esm/lucide-react.mjs".
   [38;5;246mΓò¡[0m[38;5;246mΓöÇ[0m[38;5;246m[[0m src/components/social/SocialFeed.jsx:4:10 [38;5;246m][0m
   [38;5;246mΓöé[0m
 [38;5;246m4 Γöé[0m 
[38;5;249mi[0m[38;5;249mm[0m[38;5;249mp[0m[38;5;249mo[0m[38;5;249mr[0m[38;5;249mt[0m[38;5;249m 
[0m[38;5;249m{[0m[38;5;249m [0mInstagram[38;5;249m,[0m[38;5;249m [0m[38;5;249mL[0m[38;5;249mi[0m[38;5;249
mn[0m[38;5;249mk[0m[38;5;249me[0m[38;5;249md[0m[38;5;249mi[0m[38;5;249mn[0m[38;5;249m,[0m[38;5;249m 
[0m[38;5;249mR[0m[38;5;249ms[0m[38;5;249ms[0m[38;5;249m [0m[38;5;249m}[0m[38;5;249m 
[0m[38;5;249mf[0m[38;5;249mr[0m[38;5;249mo[0m[38;5;249mm[0m[38;5;249m [0m[38;5;249m"[0m[38;5;249ml[0m[3
8;5;249mu[0m[38;5;249mc[0m[38;5;249mi[0m[38;5;249md[0m[38;5;249me[0m[38;5;249m-[0m[38;5;249mr[0m[38;5;249
me[0m[38;5;249ma[0m[38;5;249mc[0m[38;5;249mt[0m[38;5;249m"[0m[38;5;249m;[0m
 [38;5;240m  Γöé[0m          ΓöÇΓöÇΓöÇΓöÇΓö¼ΓöÇΓöÇΓöÇΓöÇ  
 [38;5;240m  Γöé[0m              Γò░ΓöÇΓöÇΓöÇΓöÇΓöÇΓöÇ Missing export
[38;5;246mΓöÇΓöÇΓöÇΓò»[0m

[31m[MISSING_EXPORT] Error:[0m "Linkedin" is not exported by "node_modules/lucide-react/dist/esm/lucide-react.mjs".
   [38;5;246mΓò¡[0m[38;5;246mΓöÇ[0m[38;5;246m[[0m src/components/social/SocialFeed.jsx:4:21 [38;5;246m][0m
   [38;5;246mΓöé[0m
 [38;5;246m4 Γöé[0m 
[38;5;249mi[0m[38;5;249mm[0m[38;5;249mp[0m[38;5;249mo[0m[38;5;249mr[0m[38;5;249mt[0m[38;5;249m 
[0m[38;5;249m{[0m[38;5;249m [0m[38;5;249mI[0m[38;5;249mn[0m[38;5;249ms[0m[38;5;249mt[0m[38;5;249ma[0m[3
8;5;249mg[0m[38;5;249mr[0m[38;5;249ma[0m[38;5;249mm[0m[38;5;249m,[0m[38;5;249m 
[0mLinkedin[38;5;249m,[0m[38;5;249m [0m[38;5;249mR[0m[38;5;249ms[0m[38;5;249ms[0m[38;5;249m 
[0m[38;5;249m}[0m[38;5;249m [0m[38;5;249mf[0m[38;5;249mr[0m[38;5;249mo[0m[38;5;249mm[0m[38;5;249m [0m[3
8;5;249m"[0m[38;5;249ml[0m[38;5;249mu[0m[38;5;249mc[0m[38;5;249mi[0m[38;5;249md[0m[38;5;249me[0m[38;5;249
m-[0m[38;5;249mr[0m[38;5;249me[0m[38;5;249ma[0m[38;5;249mc[0m[38;5;249mt[0m[38;5;249m"[0m[38;5;249m;[0m
 [38;5;240m  Γöé[0m                     ΓöÇΓöÇΓöÇΓöÇΓö¼ΓöÇΓöÇΓöÇ  
 [38;5;240m  Γöé[0m                         Γò░ΓöÇΓöÇΓöÇΓöÇΓöÇ Missing export
[38;5;246mΓöÇΓöÇΓöÇΓò»[0m

[31m[MISSING_EXPORT] Error:[0m "Instagram" is not exported by "node_modules/lucide-react/dist/esm/lucide-react.mjs".
   [38;5;246mΓò¡[0m[38;5;246mΓöÇ[0m[38;5;246m[[0m src/components/social/SocialCard.jsx:1:10 [38;5;246m][0m
   [38;5;246mΓöé[0m
 [38;5;246m1 Γöé[0m 
[38;5;249mi[0m[38;5;249mm[0m[38;5;249mp[0m[38;5;249mo[0m[38;5;249mr[0m[38;5;249mt[0m[38;5;249m 
[0m[38;5;249m{[0m[38;5;249m [0mInstagram[38;5;249m,[0m[38;5;249m [0m[38;5;249mL[0m[38;5;249mi[0m[38;5;249
mn[0m[38;5;249mk[0m[38;5;249me[0m[38;5;249md[0m[38;5;249mi[0m[38;5;249mn[0m[38;5;249m,[0m[38;5;249m [0m
[38;5;249mE[0m[38;5;249mx[0m[38;5;249mt[0m[38;5;249me[0m[38;5;249mr[0m[38;5;249mn[0m[38;5;249ma[0m[38;5;2
49ml[0m[38;5;249mL[0m[38;5;249mi[0m[38;5;249mn[0m[38;5;249mk[0m[38;5;249m [0m[38;5;249m}[0m[38;5;249m 
[0m[38;5;249mf[0m[38;5;249mr[0m[38;5;249mo[0m[38;5;249mm[0m[38;5;249m [0m[38;5;249m"[0m[38;5;249ml[0m[3
8;5;249mu[0m[38;5;249mc[0m[38;5;249mi[0m[38;5;249md[0m[38;5;249me[0m[38;5;249m-[0m[38;5;249mr[0m[38;5;249
me[0m[38;5;249ma[0m[38;5;249mc[0m[38;5;249mt[0m[38;5;249m"[0m[38;5;249m;[0m
 [38;5;240m  Γöé[0m          ΓöÇΓöÇΓöÇΓöÇΓö¼ΓöÇΓöÇΓöÇΓöÇ  
 [38;5;240m  Γöé[0m              Γò░ΓöÇΓöÇΓöÇΓöÇΓöÇΓöÇ Missing export
[38;5;246mΓöÇΓöÇΓöÇΓò»[0m

...[31m
    at aggregateBindingErrorsIntoJsError 
(file:///C:/Users/SUMI/Desktop/HKBK%20alumini/node_modules/rolldown/dist/shared/error-DL-e8-oE.mjs:48:18)
    at unwrapBindingResult 
(file:///C:/Users/SUMI/Desktop/HKBK%20alumini/node_modules/rolldown/dist/shared/error-DL-e8-oE.mjs:18:128)
    at #build 
(file:///C:/Users/SUMI/Desktop/HKBK%20alumini/node_modules/rolldown/dist/shared/rolldown-build-DSxL8qiP.mjs:3317:34)
    at async buildEnvironment 
(file:///C:/Users/SUMI/Desktop/HKBK%20alumini/node_modules/vite/dist/node/chunks/node.js:33018:64)
    at async Object.build 
(file:///C:/Users/SUMI/Desktop/HKBK%20alumini/node_modules/vite/dist/node/chunks/node.js:33440:19)
    at async Object.buildApp 
(file:///C:/Users/SUMI/Desktop/HKBK%20alumini/node_modules/vite/dist/node/chunks/node.js:33437:153)
    at async CAC.<anonymous> (file:///C:/Users/SUMI/Desktop/HKBK%20alumini/node_modules/vite/dist/node/cli.js:778:3) {
  errors: [Getter/Setter]
}[39m
